AR module2 behavioral /home/ege/Documents/Elec491-Project/vhdl-build/module2.vhd sub00/vhpl17 1494333302
EN multiplier8 NULL /home/ege/Documents/Elec491-Project/vhdl-build/multiplier8.vhd sub00/vhpl20 1494333305
EN module1 NULL /home/ege/Documents/Elec491-Project/vhdl-build/module1.vhd sub00/vhpl14 1494333299
EN module2 NULL /home/ege/Documents/Elec491-Project/vhdl-build/module2.vhd sub00/vhpl16 1494333301
EN d_ff NULL /home/ege/Documents/Elec491-Project/vhdl-build/d_ff.vhd sub00/vhpl06 1494333291
EN module3 NULL /home/ege/Documents/Elec491-Project/vhdl-build/module3.vhd sub00/vhpl18 1494333303
AR d_ff8 behavioral /home/ege/Documents/Elec491-Project/vhdl-build/d_ff8.vhd sub00/vhpl11 1494333296
AR fulladder fulladder_struct /home/ege/Documents/Elec491-Project/vhdl-build/FullAdder.vhd sub00/vhpl09 1494333294
EN fulladder NULL /home/ege/Documents/Elec491-Project/vhdl-build/FullAdder.vhd sub00/vhpl08 1494333293
EN threesamplefilter NULL /home/ege/Documents/Elec491-Project/vhdl-build/causalFirFilter.vhd sub00/vhpl22 1494333307
AR or_gate dataflow /home/ege/Documents/Elec491-Project/vhdl-build/or_gate.vhd sub00/vhpl05 1494333290
AR d_ff behavioral /home/ege/Documents/Elec491-Project/vhdl-build/d_ff.vhd sub00/vhpl07 1494333292
AR module3 behavioral /home/ege/Documents/Elec491-Project/vhdl-build/module3.vhd sub00/vhpl19 1494333304
EN d_ff8 NULL /home/ege/Documents/Elec491-Project/vhdl-build/d_ff8.vhd sub00/vhpl10 1494333295
EN adder8 NULL /home/ege/Documents/Elec491-Project/vhdl-build/adder8.vhd sub00/vhpl12 1494333297
AR module1 behavioral /home/ege/Documents/Elec491-Project/vhdl-build/module1.vhd sub00/vhpl15 1494333300
AR and_gate dataflow /home/ege/Documents/Elec491-Project/vhdl-build/and_gate.vhd sub00/vhpl03 1494333288
AR adder8 behavioral /home/ege/Documents/Elec491-Project/vhdl-build/adder8.vhd sub00/vhpl13 1494333298
AR threesamplefilter behavioral /home/ege/Documents/Elec491-Project/vhdl-build/causalFirFilter.vhd sub00/vhpl23 1494333308
EN or_gate NULL /home/ege/Documents/Elec491-Project/vhdl-build/or_gate.vhd sub00/vhpl04 1494333289
EN xor_gate NULL /home/ege/Documents/Elec491-Project/vhdl-build/xor_gate.vhd sub00/vhpl00 1494333285
AR multiplier8 behavioral /home/ege/Documents/Elec491-Project/vhdl-build/multiplier8.vhd sub00/vhpl21 1494333306
AR xor_gate dataflow /home/ege/Documents/Elec491-Project/vhdl-build/xor_gate.vhd sub00/vhpl01 1494333286
EN and_gate NULL /home/ege/Documents/Elec491-Project/vhdl-build/and_gate.vhd sub00/vhpl02 1494333287
