V3 46
FL /home/ege/Documents/Elec491-Project/vhdl-build/adder8.vhd 2017/05/09.15:34:41 P.20131013
EN work/adder8 1494333297 \
      FL /home/ege/Documents/Elec491-Project/vhdl-build/adder8.vhd \
      PB ieee/std_logic_1164 1381692176
AR work/adder8/Behavioral 1494333298 \
      FL /home/ege/Documents/Elec491-Project/vhdl-build/adder8.vhd EN work/adder8 1494333297 \
      CP FullAdder
FL /home/ege/Documents/Elec491-Project/vhdl-build/and_gate.vhd 2017/05/09.15:34:41 P.20131013
EN work/and_gate 1494333287 \
      FL /home/ege/Documents/Elec491-Project/vhdl-build/and_gate.vhd \
      PB ieee/std_logic_1164 1381692176
AR work/and_gate/dataflow 1494333288 \
      FL /home/ege/Documents/Elec491-Project/vhdl-build/and_gate.vhd \
      EN work/and_gate 1494333287
FL /home/ege/Documents/Elec491-Project/vhdl-build/causalFirFilter.vhd 2017/05/09.15:34:41 P.20131013
EN work/threesamplefilter 1494333307 \
      FL /home/ege/Documents/Elec491-Project/vhdl-build/causalFirFilter.vhd \
      PB ieee/std_logic_1164 1381692176
AR work/threesamplefilter/Behavioral 1494333308 \
      FL /home/ege/Documents/Elec491-Project/vhdl-build/causalFirFilter.vhd \
      EN work/threesamplefilter 1494333307 CP module1 CP module2 CP module3
FL /home/ege/Documents/Elec491-Project/vhdl-build/d_ff.vhd 2017/05/09.15:34:41 P.20131013
EN work/D_FF 1494333291 \
      FL /home/ege/Documents/Elec491-Project/vhdl-build/d_ff.vhd \
      PB ieee/std_logic_1164 1381692176 PB ieee/std_logic_arith 1381692177 \
      PB ieee/STD_LOGIC_UNSIGNED 1381692179
AR work/D_FF/Behavioral 1494333292 \
      FL /home/ege/Documents/Elec491-Project/vhdl-build/d_ff.vhd EN work/D_FF 1494333291
FL /home/ege/Documents/Elec491-Project/vhdl-build/d_ff8.vhd 2017/05/09.15:34:41 P.20131013
EN work/D_FF8 1494333295 \
      FL /home/ege/Documents/Elec491-Project/vhdl-build/d_ff8.vhd \
      PB ieee/std_logic_1164 1381692176
AR work/D_FF8/Behavioral 1494333296 \
      FL /home/ege/Documents/Elec491-Project/vhdl-build/d_ff8.vhd EN work/D_FF8 1494333295 \
      CP D_FF
FL /home/ege/Documents/Elec491-Project/vhdl-build/FullAdder.vhd 2017/05/09.15:34:41 P.20131013
EN work/FullAdder 1494333293 \
      FL /home/ege/Documents/Elec491-Project/vhdl-build/FullAdder.vhd \
      PB ieee/std_logic_1164 1381692176
AR work/FullAdder/FullAdder_struct 1494333294 \
      FL /home/ege/Documents/Elec491-Project/vhdl-build/FullAdder.vhd \
      EN work/FullAdder 1494333293 CP xor_gate CP and_gate CP or_gate
FL /home/ege/Documents/Elec491-Project/vhdl-build/module1.vhd 2017/05/09.15:34:41 P.20131013
EN work/module1 1494333299 \
      FL /home/ege/Documents/Elec491-Project/vhdl-build/module1.vhd \
      PB ieee/std_logic_1164 1381692176 PB ieee/NUMERIC_STD 1381692181
AR work/module1/Behavioral 1494333300 \
      FL /home/ege/Documents/Elec491-Project/vhdl-build/module1.vhd \
      EN work/module1 1494333299 CP adder8
FL /home/ege/Documents/Elec491-Project/vhdl-build/module2.vhd 2017/05/09.15:34:41 P.20131013
EN work/module2 1494333301 \
      FL /home/ege/Documents/Elec491-Project/vhdl-build/module2.vhd \
      PB ieee/std_logic_1164 1381692176 PB ieee/NUMERIC_STD 1381692181
AR work/module2/Behavioral 1494333302 \
      FL /home/ege/Documents/Elec491-Project/vhdl-build/module2.vhd \
      EN work/module2 1494333301 CP D_FF8 CP adder8
FL /home/ege/Documents/Elec491-Project/vhdl-build/module3.vhd 2017/05/09.15:34:41 P.20131013
EN work/module3 1494333303 \
      FL /home/ege/Documents/Elec491-Project/vhdl-build/module3.vhd \
      PB ieee/std_logic_1164 1381692176 PB ieee/NUMERIC_STD 1381692181
AR work/module3/Behavioral 1494333304 \
      FL /home/ege/Documents/Elec491-Project/vhdl-build/module3.vhd \
      EN work/module3 1494333303 CP D_FF8
FL /home/ege/Documents/Elec491-Project/vhdl-build/multiplier8.vhd 2017/05/09.15:34:41 P.20131013
EN work/multiplier8 1494333305 \
      FL /home/ege/Documents/Elec491-Project/vhdl-build/multiplier8.vhd \
      PB ieee/std_logic_1164 1381692176
AR work/multiplier8/Behavioral 1494333306 \
      FL /home/ege/Documents/Elec491-Project/vhdl-build/multiplier8.vhd \
      EN work/multiplier8 1494333305
FL /home/ege/Documents/Elec491-Project/vhdl-build/or_gate.vhd 2017/05/09.15:34:41 P.20131013
EN work/or_gate 1494333289 \
      FL /home/ege/Documents/Elec491-Project/vhdl-build/or_gate.vhd \
      PB ieee/std_logic_1164 1381692176
AR work/or_gate/dataflow 1494333290 \
      FL /home/ege/Documents/Elec491-Project/vhdl-build/or_gate.vhd \
      EN work/or_gate 1494333289
FL /home/ege/Documents/Elec491-Project/vhdl-build/xor_gate.vhd 2017/05/09.15:34:41 P.20131013
EN work/xor_gate 1494333285 \
      FL /home/ege/Documents/Elec491-Project/vhdl-build/xor_gate.vhd \
      PB ieee/std_logic_1164 1381692176
AR work/xor_gate/dataflow 1494333286 \
      FL /home/ege/Documents/Elec491-Project/vhdl-build/xor_gate.vhd \
      EN work/xor_gate 1494333285
