AR module2 behavioral /home/ege/Documents/elec491/Elec491-Project/test/vhdl-synthesis-fir/module2.vhd sub00/vhpl17 1494022278
EN multiplier8 NULL /home/ege/Documents/elec491/Elec491-Project/test/vhdl-synthesis-fir/multiplier8.vhd sub00/vhpl20 1494022281
EN module1 NULL /home/ege/Documents/elec491/Elec491-Project/test/vhdl-synthesis-fir/module1.vhd sub00/vhpl14 1494022275
EN module2 NULL /home/ege/Documents/elec491/Elec491-Project/test/vhdl-synthesis-fir/module2.vhd sub00/vhpl16 1494022277
EN d_ff NULL /home/ege/Documents/elec491/Elec491-Project/test/vhdl-synthesis-fir/d_ff.vhd sub00/vhpl06 1494022267
EN module3 NULL /home/ege/Documents/elec491/Elec491-Project/test/vhdl-synthesis-fir/module3.vhd sub00/vhpl18 1494022279
AR d_ff8 behavioral /home/ege/Documents/elec491/Elec491-Project/test/vhdl-synthesis-fir/d_ff8.vhd sub00/vhpl11 1494022272
AR fulladder fulladder_struct /home/ege/Documents/elec491/Elec491-Project/test/vhdl-synthesis-fir/FullAdder.vhd sub00/vhpl09 1494022270
EN fulladder NULL /home/ege/Documents/elec491/Elec491-Project/test/vhdl-synthesis-fir/FullAdder.vhd sub00/vhpl08 1494022269
EN threesamplefilter NULL /home/ege/Documents/elec491/Elec491-Project/test/vhdl-synthesis-fir/causalFirFilter.vhd sub00/vhpl22 1494022283
AR or_gate dataflow /home/ege/Documents/elec491/Elec491-Project/test/vhdl-synthesis-fir/or_gate.vhd sub00/vhpl05 1494022266
AR d_ff behavioral /home/ege/Documents/elec491/Elec491-Project/test/vhdl-synthesis-fir/d_ff.vhd sub00/vhpl07 1494022268
AR module3 behavioral /home/ege/Documents/elec491/Elec491-Project/test/vhdl-synthesis-fir/module3.vhd sub00/vhpl19 1494022280
EN d_ff8 NULL /home/ege/Documents/elec491/Elec491-Project/test/vhdl-synthesis-fir/d_ff8.vhd sub00/vhpl10 1494022271
EN adder8 NULL /home/ege/Documents/elec491/Elec491-Project/test/vhdl-synthesis-fir/adder8.vhd sub00/vhpl12 1494022273
AR module1 behavioral /home/ege/Documents/elec491/Elec491-Project/test/vhdl-synthesis-fir/module1.vhd sub00/vhpl15 1494022276
AR and_gate dataflow /home/ege/Documents/elec491/Elec491-Project/test/vhdl-synthesis-fir/and_gate.vhd sub00/vhpl03 1494022264
AR adder8 behavioral /home/ege/Documents/elec491/Elec491-Project/test/vhdl-synthesis-fir/adder8.vhd sub00/vhpl13 1494022274
AR threesamplefilter behavioral /home/ege/Documents/elec491/Elec491-Project/test/vhdl-synthesis-fir/causalFirFilter.vhd sub00/vhpl23 1494022284
EN or_gate NULL /home/ege/Documents/elec491/Elec491-Project/test/vhdl-synthesis-fir/or_gate.vhd sub00/vhpl04 1494022265
EN xor_gate NULL /home/ege/Documents/elec491/Elec491-Project/test/vhdl-synthesis-fir/xor_gate.vhd sub00/vhpl00 1494022261
AR multiplier8 behavioral /home/ege/Documents/elec491/Elec491-Project/test/vhdl-synthesis-fir/multiplier8.vhd sub00/vhpl21 1494022282
AR xor_gate dataflow /home/ege/Documents/elec491/Elec491-Project/test/vhdl-synthesis-fir/xor_gate.vhd sub00/vhpl01 1494022262
EN and_gate NULL /home/ege/Documents/elec491/Elec491-Project/test/vhdl-synthesis-fir/and_gate.vhd sub00/vhpl02 1494022263
