AR module2 behavioral /home/canaknesil/Documents/elec491/Elec491-Project/test/vhdl-synthesis-fir/module2.vhd sub00/vhpl17 1494011543
EN multiplier8 NULL /home/canaknesil/Documents/elec491/Elec491-Project/test/vhdl-synthesis-fir/multiplier8.vhd sub00/vhpl20 1494011546
EN module1 NULL /home/canaknesil/Documents/elec491/Elec491-Project/test/vhdl-synthesis-fir/module1.vhd sub00/vhpl14 1494011540
EN module2 NULL /home/canaknesil/Documents/elec491/Elec491-Project/test/vhdl-synthesis-fir/module2.vhd sub00/vhpl16 1494011542
EN d_ff NULL /home/canaknesil/Documents/elec491/Elec491-Project/test/vhdl-synthesis-fir/d_ff.vhd sub00/vhpl06 1494011532
EN module3 NULL /home/canaknesil/Documents/elec491/Elec491-Project/test/vhdl-synthesis-fir/module3.vhd sub00/vhpl18 1494011544
AR d_ff8 behavioral /home/canaknesil/Documents/elec491/Elec491-Project/test/vhdl-synthesis-fir/d_ff8.vhd sub00/vhpl11 1494011537
AR fulladder fulladder_struct /home/canaknesil/Documents/elec491/Elec491-Project/test/vhdl-synthesis-fir/FullAdder.vhd sub00/vhpl09 1494011535
EN fulladder NULL /home/canaknesil/Documents/elec491/Elec491-Project/test/vhdl-synthesis-fir/FullAdder.vhd sub00/vhpl08 1494011534
EN threesamplefilter NULL /home/canaknesil/Documents/elec491/Elec491-Project/test/vhdl-synthesis-fir/causalFirFilter.vhd sub00/vhpl22 1494011548
AR or_gate dataflow /home/canaknesil/Documents/elec491/Elec491-Project/test/vhdl-synthesis-fir/or_gate.vhd sub00/vhpl05 1494011531
AR d_ff behavioral /home/canaknesil/Documents/elec491/Elec491-Project/test/vhdl-synthesis-fir/d_ff.vhd sub00/vhpl07 1494011533
AR module3 behavioral /home/canaknesil/Documents/elec491/Elec491-Project/test/vhdl-synthesis-fir/module3.vhd sub00/vhpl19 1494011545
EN d_ff8 NULL /home/canaknesil/Documents/elec491/Elec491-Project/test/vhdl-synthesis-fir/d_ff8.vhd sub00/vhpl10 1494011536
EN adder8 NULL /home/canaknesil/Documents/elec491/Elec491-Project/test/vhdl-synthesis-fir/adder8.vhd sub00/vhpl12 1494011538
AR module1 behavioral /home/canaknesil/Documents/elec491/Elec491-Project/test/vhdl-synthesis-fir/module1.vhd sub00/vhpl15 1494011541
AR and_gate dataflow /home/canaknesil/Documents/elec491/Elec491-Project/test/vhdl-synthesis-fir/and_gate.vhd sub00/vhpl03 1494011529
AR adder8 behavioral /home/canaknesil/Documents/elec491/Elec491-Project/test/vhdl-synthesis-fir/adder8.vhd sub00/vhpl13 1494011539
AR threesamplefilter behavioral /home/canaknesil/Documents/elec491/Elec491-Project/test/vhdl-synthesis-fir/causalFirFilter.vhd sub00/vhpl23 1494011549
EN or_gate NULL /home/canaknesil/Documents/elec491/Elec491-Project/test/vhdl-synthesis-fir/or_gate.vhd sub00/vhpl04 1494011530
EN xor_gate NULL /home/canaknesil/Documents/elec491/Elec491-Project/test/vhdl-synthesis-fir/xor_gate.vhd sub00/vhpl00 1494011526
AR multiplier8 behavioral /home/canaknesil/Documents/elec491/Elec491-Project/test/vhdl-synthesis-fir/multiplier8.vhd sub00/vhpl21 1494011547
AR xor_gate dataflow /home/canaknesil/Documents/elec491/Elec491-Project/test/vhdl-synthesis-fir/xor_gate.vhd sub00/vhpl01 1494011527
EN and_gate NULL /home/canaknesil/Documents/elec491/Elec491-Project/test/vhdl-synthesis-fir/and_gate.vhd sub00/vhpl02 1494011528
