AR module2 behavioral /home/ege/Documents/Elec491-Project/vhdl-build/module2.vhd sub00/vhpl17 1494331992
EN multiplier8 NULL /home/ege/Documents/Elec491-Project/vhdl-build/multiplier8.vhd sub00/vhpl20 1494331995
EN module1 NULL /home/ege/Documents/Elec491-Project/vhdl-build/module1.vhd sub00/vhpl14 1494331989
EN module2 NULL /home/ege/Documents/Elec491-Project/vhdl-build/module2.vhd sub00/vhpl16 1494331991
EN d_ff NULL /home/ege/Documents/Elec491-Project/vhdl-build/d_ff.vhd sub00/vhpl06 1494331981
EN module3 NULL /home/ege/Documents/Elec491-Project/vhdl-build/module3.vhd sub00/vhpl18 1494331993
AR d_ff8 behavioral /home/ege/Documents/Elec491-Project/vhdl-build/d_ff8.vhd sub00/vhpl11 1494331986
AR fulladder fulladder_struct /home/ege/Documents/Elec491-Project/vhdl-build/FullAdder.vhd sub00/vhpl09 1494331984
EN fulladder NULL /home/ege/Documents/Elec491-Project/vhdl-build/FullAdder.vhd sub00/vhpl08 1494331983
EN threesamplefilter NULL /home/ege/Documents/Elec491-Project/vhdl-build/causalFirFilter.vhd sub00/vhpl22 1494331997
AR or_gate dataflow /home/ege/Documents/Elec491-Project/vhdl-build/or_gate.vhd sub00/vhpl05 1494331980
AR d_ff behavioral /home/ege/Documents/Elec491-Project/vhdl-build/d_ff.vhd sub00/vhpl07 1494331982
AR module3 behavioral /home/ege/Documents/Elec491-Project/vhdl-build/module3.vhd sub00/vhpl19 1494331994
EN d_ff8 NULL /home/ege/Documents/Elec491-Project/vhdl-build/d_ff8.vhd sub00/vhpl10 1494331985
EN adder8 NULL /home/ege/Documents/Elec491-Project/vhdl-build/adder8.vhd sub00/vhpl12 1494331987
AR module1 behavioral /home/ege/Documents/Elec491-Project/vhdl-build/module1.vhd sub00/vhpl15 1494331990
AR and_gate dataflow /home/ege/Documents/Elec491-Project/vhdl-build/and_gate.vhd sub00/vhpl03 1494331978
AR adder8 behavioral /home/ege/Documents/Elec491-Project/vhdl-build/adder8.vhd sub00/vhpl13 1494331988
AR threesamplefilter behavioral /home/ege/Documents/Elec491-Project/vhdl-build/causalFirFilter.vhd sub00/vhpl23 1494331998
EN or_gate NULL /home/ege/Documents/Elec491-Project/vhdl-build/or_gate.vhd sub00/vhpl04 1494331979
EN xor_gate NULL /home/ege/Documents/Elec491-Project/vhdl-build/xor_gate.vhd sub00/vhpl00 1494331975
AR multiplier8 behavioral /home/ege/Documents/Elec491-Project/vhdl-build/multiplier8.vhd sub00/vhpl21 1494331996
AR xor_gate dataflow /home/ege/Documents/Elec491-Project/vhdl-build/xor_gate.vhd sub00/vhpl01 1494331976
EN and_gate NULL /home/ege/Documents/Elec491-Project/vhdl-build/and_gate.vhd sub00/vhpl02 1494331977
