AR module2 behavioral /home/canaknesil/Documents/elec491/Elec491-Project/vhdl-build/module2.vhd sub00/vhpl19 1494544743
EN multiplier8 NULL /home/canaknesil/Documents/elec491/Elec491-Project/vhdl-build/multiplier8.vhd sub00/vhpl28 1494544752
EN module1 NULL /home/canaknesil/Documents/elec491/Elec491-Project/vhdl-build/module1.vhd sub00/vhpl16 1494544740
EN module2 NULL /home/canaknesil/Documents/elec491/Elec491-Project/vhdl-build/module2.vhd sub00/vhpl18 1494544742
EN d_ff NULL /home/canaknesil/Documents/elec491/Elec491-Project/vhdl-build/d_ff.vhd sub00/vhpl06 1494544730
EN module3 NULL /home/canaknesil/Documents/elec491/Elec491-Project/vhdl-build/module3.vhd sub00/vhpl20 1494544744
AR topmodule behavioral /home/canaknesil/Documents/elec491/Elec491-Project/vhdl-build/topModule.vhd sub00/vhpl27 1494544751
AR d_ff8 behavioral /home/canaknesil/Documents/elec491/Elec491-Project/vhdl-build/d_ff8.vhd sub00/vhpl11 1494544735
AR fulladder fulladder_struct /home/canaknesil/Documents/elec491/Elec491-Project/vhdl-build/FullAdder.vhd sub00/vhpl09 1494544733
EN fulladder NULL /home/canaknesil/Documents/elec491/Elec491-Project/vhdl-build/FullAdder.vhd sub00/vhpl08 1494544732
EN threesamplefilter NULL /home/canaknesil/Documents/elec491/Elec491-Project/vhdl-build/causalFirFilter.vhd sub00/vhpl22 1494544746
AR mux8_4 behavioral /home/canaknesil/Documents/elec491/Elec491-Project/vhdl-build/MUX8_4.vhd sub00/vhpl25 1494544749
AR or_gate dataflow /home/canaknesil/Documents/elec491/Elec491-Project/vhdl-build/or_gate.vhd sub00/vhpl05 1494544729
EN mux8_4 NULL /home/canaknesil/Documents/elec491/Elec491-Project/vhdl-build/MUX8_4.vhd sub00/vhpl24 1494544748
AR d_ff behavioral /home/canaknesil/Documents/elec491/Elec491-Project/vhdl-build/d_ff.vhd sub00/vhpl07 1494544731
AR module3 behavioral /home/canaknesil/Documents/elec491/Elec491-Project/vhdl-build/module3.vhd sub00/vhpl21 1494544745
EN d_ff8 NULL /home/canaknesil/Documents/elec491/Elec491-Project/vhdl-build/d_ff8.vhd sub00/vhpl10 1494544734
EN adder8 NULL /home/canaknesil/Documents/elec491/Elec491-Project/vhdl-build/adder8.vhd sub00/vhpl12 1494544736
AR module1 behavioral /home/canaknesil/Documents/elec491/Elec491-Project/vhdl-build/module1.vhd sub00/vhpl17 1494544741
AR and_gate dataflow /home/canaknesil/Documents/elec491/Elec491-Project/vhdl-build/and_gate.vhd sub00/vhpl03 1494544727
AR adder8 behavioral /home/canaknesil/Documents/elec491/Elec491-Project/vhdl-build/adder8.vhd sub00/vhpl13 1494544737
AR threesamplefilter behavioral /home/canaknesil/Documents/elec491/Elec491-Project/vhdl-build/causalFirFilter.vhd sub00/vhpl23 1494544747
EN or_gate NULL /home/canaknesil/Documents/elec491/Elec491-Project/vhdl-build/or_gate.vhd sub00/vhpl04 1494544728
EN topmodule NULL /home/canaknesil/Documents/elec491/Elec491-Project/vhdl-build/topModule.vhd sub00/vhpl26 1494544750
EN xor_gate NULL /home/canaknesil/Documents/elec491/Elec491-Project/vhdl-build/xor_gate.vhd sub00/vhpl00 1494544724
AR mux4_2 behavioral /home/canaknesil/Documents/elec491/Elec491-Project/vhdl-build/MUX4_2.vhd sub00/vhpl15 1494544739
AR multiplier8 behavioral /home/canaknesil/Documents/elec491/Elec491-Project/vhdl-build/multiplier8.vhd sub00/vhpl29 1494544753
AR xor_gate dataflow /home/canaknesil/Documents/elec491/Elec491-Project/vhdl-build/xor_gate.vhd sub00/vhpl01 1494544725
EN and_gate NULL /home/canaknesil/Documents/elec491/Elec491-Project/vhdl-build/and_gate.vhd sub00/vhpl02 1494544726
EN mux4_2 NULL /home/canaknesil/Documents/elec491/Elec491-Project/vhdl-build/MUX4_2.vhd sub00/vhpl14 1494544738
