AR module2 behavioral /home/canaknesil/Documents/elec491/Elec491-Project/vhdl-build/module2.vhd sub00/vhpl19 1494520915
EN multiplier8 NULL /home/canaknesil/Documents/elec491/Elec491-Project/vhdl-build/multiplier8.vhd sub00/vhpl28 1494520924
EN module1 NULL /home/canaknesil/Documents/elec491/Elec491-Project/vhdl-build/module1.vhd sub00/vhpl16 1494520912
EN module2 NULL /home/canaknesil/Documents/elec491/Elec491-Project/vhdl-build/module2.vhd sub00/vhpl18 1494520914
EN d_ff NULL /home/canaknesil/Documents/elec491/Elec491-Project/vhdl-build/d_ff.vhd sub00/vhpl06 1494520902
EN module3 NULL /home/canaknesil/Documents/elec491/Elec491-Project/vhdl-build/module3.vhd sub00/vhpl20 1494520916
AR topmodule behavioral /home/canaknesil/Documents/elec491/Elec491-Project/vhdl-build/topModule.vhd sub00/vhpl27 1494520923
AR d_ff8 behavioral /home/canaknesil/Documents/elec491/Elec491-Project/vhdl-build/d_ff8.vhd sub00/vhpl11 1494520907
AR fulladder fulladder_struct /home/canaknesil/Documents/elec491/Elec491-Project/vhdl-build/FullAdder.vhd sub00/vhpl09 1494520905
EN fulladder NULL /home/canaknesil/Documents/elec491/Elec491-Project/vhdl-build/FullAdder.vhd sub00/vhpl08 1494520904
EN threesamplefilter NULL /home/canaknesil/Documents/elec491/Elec491-Project/vhdl-build/causalFirFilter.vhd sub00/vhpl22 1494520918
AR mux8_4 behavioral /home/canaknesil/Documents/elec491/Elec491-Project/vhdl-build/MUX8_4.vhd sub00/vhpl25 1494520921
AR or_gate dataflow /home/canaknesil/Documents/elec491/Elec491-Project/vhdl-build/or_gate.vhd sub00/vhpl05 1494520901
EN mux8_4 NULL /home/canaknesil/Documents/elec491/Elec491-Project/vhdl-build/MUX8_4.vhd sub00/vhpl24 1494520920
AR d_ff behavioral /home/canaknesil/Documents/elec491/Elec491-Project/vhdl-build/d_ff.vhd sub00/vhpl07 1494520903
AR module3 behavioral /home/canaknesil/Documents/elec491/Elec491-Project/vhdl-build/module3.vhd sub00/vhpl21 1494520917
EN d_ff8 NULL /home/canaknesil/Documents/elec491/Elec491-Project/vhdl-build/d_ff8.vhd sub00/vhpl10 1494520906
EN adder8 NULL /home/canaknesil/Documents/elec491/Elec491-Project/vhdl-build/adder8.vhd sub00/vhpl12 1494520908
AR module1 behavioral /home/canaknesil/Documents/elec491/Elec491-Project/vhdl-build/module1.vhd sub00/vhpl17 1494520913
AR and_gate dataflow /home/canaknesil/Documents/elec491/Elec491-Project/vhdl-build/and_gate.vhd sub00/vhpl03 1494520899
AR adder8 behavioral /home/canaknesil/Documents/elec491/Elec491-Project/vhdl-build/adder8.vhd sub00/vhpl13 1494520909
AR threesamplefilter behavioral /home/canaknesil/Documents/elec491/Elec491-Project/vhdl-build/causalFirFilter.vhd sub00/vhpl23 1494520919
EN or_gate NULL /home/canaknesil/Documents/elec491/Elec491-Project/vhdl-build/or_gate.vhd sub00/vhpl04 1494520900
EN topmodule NULL /home/canaknesil/Documents/elec491/Elec491-Project/vhdl-build/topModule.vhd sub00/vhpl26 1494520922
EN xor_gate NULL /home/canaknesil/Documents/elec491/Elec491-Project/vhdl-build/xor_gate.vhd sub00/vhpl00 1494520896
AR mux4_2 behavioral /home/canaknesil/Documents/elec491/Elec491-Project/vhdl-build/MUX4_2.vhd sub00/vhpl15 1494520911
AR multiplier8 behavioral /home/canaknesil/Documents/elec491/Elec491-Project/vhdl-build/multiplier8.vhd sub00/vhpl29 1494520925
AR xor_gate dataflow /home/canaknesil/Documents/elec491/Elec491-Project/vhdl-build/xor_gate.vhd sub00/vhpl01 1494520897
EN and_gate NULL /home/canaknesil/Documents/elec491/Elec491-Project/vhdl-build/and_gate.vhd sub00/vhpl02 1494520898
EN mux4_2 NULL /home/canaknesil/Documents/elec491/Elec491-Project/vhdl-build/MUX4_2.vhd sub00/vhpl14 1494520910
