V3 58
FL /home/canaknesil/Documents/elec491/Elec491-Project/vhdl-build/adder8.vhd 2017/05/11.19:41:32 P.20131013
EN work/adder8 1494520908 \
      FL /home/canaknesil/Documents/elec491/Elec491-Project/vhdl-build/adder8.vhd \
      PB ieee/std_logic_1164 1381692176
AR work/adder8/Behavioral 1494520909 \
      FL /home/canaknesil/Documents/elec491/Elec491-Project/vhdl-build/adder8.vhd \
      EN work/adder8 1494520908 CP FullAdder
FL /home/canaknesil/Documents/elec491/Elec491-Project/vhdl-build/and_gate.vhd 2017/05/11.19:41:32 P.20131013
EN work/and_gate 1494520898 \
      FL /home/canaknesil/Documents/elec491/Elec491-Project/vhdl-build/and_gate.vhd \
      PB ieee/std_logic_1164 1381692176
AR work/and_gate/dataflow 1494520899 \
      FL /home/canaknesil/Documents/elec491/Elec491-Project/vhdl-build/and_gate.vhd \
      EN work/and_gate 1494520898
FL /home/canaknesil/Documents/elec491/Elec491-Project/vhdl-build/causalFirFilter.vhd 2017/05/11.19:41:32 P.20131013
EN work/threesamplefilter 1494520918 \
      FL /home/canaknesil/Documents/elec491/Elec491-Project/vhdl-build/causalFirFilter.vhd \
      PB ieee/std_logic_1164 1381692176
AR work/threesamplefilter/Behavioral 1494520919 \
      FL /home/canaknesil/Documents/elec491/Elec491-Project/vhdl-build/causalFirFilter.vhd \
      EN work/threesamplefilter 1494520918 CP module1 CP module2 CP module3
FL /home/canaknesil/Documents/elec491/Elec491-Project/vhdl-build/d_ff.vhd 2017/05/11.19:41:32 P.20131013
EN work/D_FF 1494520902 \
      FL /home/canaknesil/Documents/elec491/Elec491-Project/vhdl-build/d_ff.vhd \
      PB ieee/std_logic_1164 1381692176 PB ieee/std_logic_arith 1381692177 \
      PB ieee/STD_LOGIC_UNSIGNED 1381692179
AR work/D_FF/Behavioral 1494520903 \
      FL /home/canaknesil/Documents/elec491/Elec491-Project/vhdl-build/d_ff.vhd \
      EN work/D_FF 1494520902
FL /home/canaknesil/Documents/elec491/Elec491-Project/vhdl-build/d_ff8.vhd 2017/05/11.19:41:32 P.20131013
EN work/D_FF8 1494520906 \
      FL /home/canaknesil/Documents/elec491/Elec491-Project/vhdl-build/d_ff8.vhd \
      PB ieee/std_logic_1164 1381692176
AR work/D_FF8/Behavioral 1494520907 \
      FL /home/canaknesil/Documents/elec491/Elec491-Project/vhdl-build/d_ff8.vhd \
      EN work/D_FF8 1494520906 CP D_FF
FL /home/canaknesil/Documents/elec491/Elec491-Project/vhdl-build/FullAdder.vhd 2017/05/11.19:41:32 P.20131013
EN work/FullAdder 1494520904 \
      FL /home/canaknesil/Documents/elec491/Elec491-Project/vhdl-build/FullAdder.vhd \
      PB ieee/std_logic_1164 1381692176
AR work/FullAdder/FullAdder_struct 1494520905 \
      FL /home/canaknesil/Documents/elec491/Elec491-Project/vhdl-build/FullAdder.vhd \
      EN work/FullAdder 1494520904 CP xor_gate CP and_gate CP or_gate
FL /home/canaknesil/Documents/elec491/Elec491-Project/vhdl-build/module1.vhd 2017/05/11.19:41:32 P.20131013
EN work/module1 1494520912 \
      FL /home/canaknesil/Documents/elec491/Elec491-Project/vhdl-build/module1.vhd \
      PB ieee/std_logic_1164 1381692176 PB ieee/NUMERIC_STD 1381692181
AR work/module1/Behavioral 1494520913 \
      FL /home/canaknesil/Documents/elec491/Elec491-Project/vhdl-build/module1.vhd \
      EN work/module1 1494520912 CP adder8
FL /home/canaknesil/Documents/elec491/Elec491-Project/vhdl-build/module2.vhd 2017/05/11.19:41:32 P.20131013
EN work/module2 1494520914 \
      FL /home/canaknesil/Documents/elec491/Elec491-Project/vhdl-build/module2.vhd \
      PB ieee/std_logic_1164 1381692176 PB ieee/NUMERIC_STD 1381692181
AR work/module2/Behavioral 1494520915 \
      FL /home/canaknesil/Documents/elec491/Elec491-Project/vhdl-build/module2.vhd \
      EN work/module2 1494520914 CP D_FF8 CP adder8
FL /home/canaknesil/Documents/elec491/Elec491-Project/vhdl-build/module3.vhd 2017/05/11.19:41:32 P.20131013
EN work/module3 1494520916 \
      FL /home/canaknesil/Documents/elec491/Elec491-Project/vhdl-build/module3.vhd \
      PB ieee/std_logic_1164 1381692176 PB ieee/NUMERIC_STD 1381692181
AR work/module3/Behavioral 1494520917 \
      FL /home/canaknesil/Documents/elec491/Elec491-Project/vhdl-build/module3.vhd \
      EN work/module3 1494520916 CP D_FF8
FL /home/canaknesil/Documents/elec491/Elec491-Project/vhdl-build/multiplier8.vhd 2017/05/11.19:41:32 P.20131013
EN work/multiplier8 1494520924 \
      FL /home/canaknesil/Documents/elec491/Elec491-Project/vhdl-build/multiplier8.vhd \
      PB ieee/std_logic_1164 1381692176
AR work/multiplier8/Behavioral 1494520925 \
      FL /home/canaknesil/Documents/elec491/Elec491-Project/vhdl-build/multiplier8.vhd \
      EN work/multiplier8 1494520924
FL /home/canaknesil/Documents/elec491/Elec491-Project/vhdl-build/MUX4_2.vhd 2017/05/11.19:41:32 P.20131013
EN work/MUX4_2 1494520910 \
      FL /home/canaknesil/Documents/elec491/Elec491-Project/vhdl-build/MUX4_2.vhd \
      PB ieee/std_logic_1164 1381692176
AR work/MUX4_2/Behavioral 1494520911 \
      FL /home/canaknesil/Documents/elec491/Elec491-Project/vhdl-build/MUX4_2.vhd \
      EN work/MUX4_2 1494520910
FL /home/canaknesil/Documents/elec491/Elec491-Project/vhdl-build/MUX8_4.vhd 2017/05/11.19:41:32 P.20131013
EN work/MUX8_4 1494520920 \
      FL /home/canaknesil/Documents/elec491/Elec491-Project/vhdl-build/MUX8_4.vhd \
      PB ieee/std_logic_1164 1381692176
AR work/MUX8_4/Behavioral 1494520921 \
      FL /home/canaknesil/Documents/elec491/Elec491-Project/vhdl-build/MUX8_4.vhd \
      EN work/MUX8_4 1494520920 CP MUX4_2
FL /home/canaknesil/Documents/elec491/Elec491-Project/vhdl-build/or_gate.vhd 2017/05/11.19:41:32 P.20131013
EN work/or_gate 1494520900 \
      FL /home/canaknesil/Documents/elec491/Elec491-Project/vhdl-build/or_gate.vhd \
      PB ieee/std_logic_1164 1381692176
AR work/or_gate/dataflow 1494520901 \
      FL /home/canaknesil/Documents/elec491/Elec491-Project/vhdl-build/or_gate.vhd \
      EN work/or_gate 1494520900
FL /home/canaknesil/Documents/elec491/Elec491-Project/vhdl-build/topModule.vhd 2017/05/11.19:41:32 P.20131013
EN work/topModule 1494520922 \
      FL /home/canaknesil/Documents/elec491/Elec491-Project/vhdl-build/topModule.vhd \
      PB ieee/std_logic_1164 1381692176
AR work/topModule/Behavioral 1494520923 \
      FL /home/canaknesil/Documents/elec491/Elec491-Project/vhdl-build/topModule.vhd \
      EN work/topModule 1494520922 CP threesamplefilter CP MUX8_4
FL /home/canaknesil/Documents/elec491/Elec491-Project/vhdl-build/xor_gate.vhd 2017/05/11.19:41:32 P.20131013
EN work/xor_gate 1494520896 \
      FL /home/canaknesil/Documents/elec491/Elec491-Project/vhdl-build/xor_gate.vhd \
      PB ieee/std_logic_1164 1381692176
AR work/xor_gate/dataflow 1494520897 \
      FL /home/canaknesil/Documents/elec491/Elec491-Project/vhdl-build/xor_gate.vhd \
      EN work/xor_gate 1494520896
